------------------------------------------------------------
Timing Analyzer Summary
------------------------------------------------------------

Type  : Slow 1200mV 85C Model Setup 'clk_50'
Slack : 2.986
TNS   : 0.000

Type  : Slow 1200mV 85C Model Hold 'clk_50'
Slack : 0.335
TNS   : 0.000

Type  : Slow 1200mV 85C Model Minimum Pulse Width 'SRAM_unit|Clock_100_PLL_inst|altpll_component|auto_generated|pll1|clk[0]'
Slack : 4.757
TNS   : 0.000

Type  : Slow 1200mV 85C Model Minimum Pulse Width 'clk_50'
Slack : 9.626
TNS   : 0.000

Type  : Slow 1200mV 0C Model Setup 'clk_50'
Slack : 4.561
TNS   : 0.000

Type  : Slow 1200mV 0C Model Hold 'clk_50'
Slack : 0.344
TNS   : 0.000

Type  : Slow 1200mV 0C Model Minimum Pulse Width 'SRAM_unit|Clock_100_PLL_inst|altpll_component|auto_generated|pll1|clk[0]'
Slack : 4.753
TNS   : 0.000

Type  : Slow 1200mV 0C Model Minimum Pulse Width 'clk_50'
Slack : 9.646
TNS   : 0.000

Type  : Fast 1200mV 0C Model Setup 'clk_50'
Slack : 11.624
TNS   : 0.000

Type  : Fast 1200mV 0C Model Hold 'clk_50'
Slack : 0.136
TNS   : 0.000

Type  : Fast 1200mV 0C Model Minimum Pulse Width 'SRAM_unit|Clock_100_PLL_inst|altpll_component|auto_generated|pll1|clk[0]'
Slack : 4.777
TNS   : 0.000

Type  : Fast 1200mV 0C Model Minimum Pulse Width 'clk_50'
Slack : 9.374
TNS   : 0.000

------------------------------------------------------------
